I'm sorry, but errors were detected in your script. Please correct the
errors listed below, and try again.


File "game/init.rpy", line 43: expected expression
    image bg code = 
                    ^

Ren'Py Version: Ren'Py 8.0.3.22090809
Sat Dec 31 13:58:28 2022
